2026-06-22 22:00:19 [main] INFO  com.cortis.CortisApplication - Starting CortisApplication using Java 26.0.1 with PID 12925 (/home/feral_dev/Projects/cortis/app/backend/target/classes started by feral_dev in /home/feral_dev/Projects/cortis)
2026-06-22 22:00:19 [main] INFO  com.cortis.CortisApplication - No active profile set, falling back to 1 default profile: "default"
2026-06-22 22:00:19 [main] INFO  o.s.d.r.c.RepositoryConfigurationDelegate - Bootstrapping Spring Data JPA repositories in DEFAULT mode.
2026-06-22 22:00:19 [main] INFO  o.s.d.r.c.RepositoryConfigurationDelegate - Finished Spring Data repository scanning in 33 ms. Found 2 JPA repository interfaces.
2026-06-22 22:00:20 [main] INFO  o.s.b.w.e.tomcat.TomcatWebServer - Tomcat initialized with port 8080 (http)
2026-06-22 22:00:20 [main] INFO  o.a.catalina.core.StandardService - Starting service [Tomcat]
2026-06-22 22:00:20 [main] INFO  o.a.catalina.core.StandardEngine - Starting Servlet engine: [Apache Tomcat/10.1.52]
2026-06-22 22:00:20 [main] INFO  o.a.c.c.C.[Tomcat].[localhost].[/] - Initializing Spring embedded WebApplicationContext
2026-06-22 22:00:20 [main] INFO  o.s.b.w.s.c.ServletWebServerApplicationContext - Root WebApplicationContext: initialization completed in 905 ms
2026-06-22 22:00:20 [main] INFO  com.zaxxer.hikari.HikariDataSource - HikariPool-1 - Starting...
2026-06-22 22:00:20 [main] INFO  com.zaxxer.hikari.pool.HikariPool - HikariPool-1 - Added connection org.postgresql.jdbc.PgConnection@783b3aa0
2026-06-22 22:00:20 [main] INFO  com.zaxxer.hikari.HikariDataSource - HikariPool-1 - Start completed.
2026-06-22 22:00:20 [main] INFO  org.flywaydb.core.FlywayExecutor - Database: jdbc:postgresql://localhost:5432/cortis (PostgreSQL 16.11)
2026-06-22 22:00:20 [main] INFO  o.f.core.internal.command.DbValidate - Successfully validated 11 migrations (execution time 00:00.018s)
2026-06-22 22:00:20 [main] INFO  o.f.core.internal.command.DbMigrate - Current version of schema "public": 10
2026-06-22 22:00:20 [main] INFO  o.f.core.internal.command.DbMigrate - Schema "public" is up to date. No migration necessary.
2026-06-22 22:00:20 [main] INFO  o.h.jpa.internal.util.LogHelper - HHH000204: Processing PersistenceUnitInfo [name: default]
2026-06-22 22:00:20 [main] INFO  org.hibernate.Version - HHH000412: Hibernate ORM core version 6.6.42.Final
2026-06-22 22:00:20 [main] INFO  o.h.c.i.RegionFactoryInitiator - HHH000026: Second-level cache disabled
2026-06-22 22:00:20 [main] INFO  o.s.o.j.p.SpringPersistenceUnitInfo - No LoadTimeWeaver setup: ignoring JPA class transformer
2026-06-22 22:00:20 [main] INFO  o.hibernate.orm.connections.pooling - HHH10001005: Database info:
	Database JDBC URL [Connecting through datasource 'HikariDataSource (HikariPool-1)']
	Database driver: undefined/unknown
	Database version: 16.11
	Autocommit mode: undefined/unknown
	Isolation level: undefined/unknown
	Minimum pool size: undefined/unknown
	Maximum pool size: undefined/unknown
2026-06-22 22:00:21 [main] INFO  o.h.e.t.j.p.i.JtaPlatformInitiator - HHH000489: No JTA platform available (set 'hibernate.transaction.jta.platform' to enable JTA platform integration)
2026-06-22 22:00:21 [main] INFO  o.s.o.j.LocalContainerEntityManagerFactoryBean - Initialized JPA EntityManagerFactory for persistence unit 'default'
2026-06-22 22:00:21 [main] INFO  o.s.d.j.r.query.QueryEnhancerFactory - Hibernate is in classpath; If applicable, HQL parser will be used.
2026-06-22 22:00:22 [main] INFO  o.s.s.c.a.a.c.InitializeUserDetailsBeanManagerConfigurer$InitializeUserDetailsManagerConfigurer - Global AuthenticationManager configured with UserDetailsService bean with name cortisUserDetailsService
2026-06-22 22:00:22 [main] INFO  o.s.b.w.e.tomcat.TomcatWebServer - Tomcat started on port 8080 (http) with context path '/'
2026-06-22 22:00:22 [main] INFO  com.cortis.CortisApplication - Started CortisApplication in 3.808 seconds (process running for 4.192)
2026-06-22 22:04:55 [http-nio-8080-exec-1] INFO  o.a.c.c.C.[Tomcat].[localhost].[/] - Initializing Spring DispatcherServlet 'dispatcherServlet'
2026-06-22 22:04:55 [http-nio-8080-exec-1] INFO  o.s.web.servlet.DispatcherServlet - Initializing Servlet 'dispatcherServlet'
2026-06-22 22:04:55 [http-nio-8080-exec-1] INFO  o.s.web.servlet.DispatcherServlet - Completed initialization in 1 ms
2026-06-22 22:04:55 [http-nio-8080-exec-1] DEBUG org.hibernate.SQL - 
    select
        c1_0.category_name,
        k1_0.keyword,
        tte1_0.translation_text 
    from
        translation.text tte1_0 
    join
        translation.category c1_0 
            on c1_0.id=tte1_0.category_id 
    join
        translation.keyword k1_0 
            on k1_0.id=tte1_0.keyword_id 
    join
        translation.language l1_0 
            on l1_0.id=tte1_0.language_id 
    where
        l1_0.code=?
2026-06-22 22:04:55 [http-nio-8080-exec-1] TRACE org.hibernate.orm.jdbc.bind - binding parameter (1:VARCHAR) <- [de]
2026-06-22 22:05:01 [http-nio-8080-exec-2] DEBUG org.hibernate.SQL - 
    select
        distinct ue1_0.id,
        ue1_0.is_active,
        ue1_0.chip_code,
        ue1_0.created_at,
        ue1_0.created_by,
        ue1_0.deleted_at,
        ue1_0.password_hash,
        ue1_0.updated_at,
        ue1_0.updated_by,
        ur1_0.user_id,
        ur1_0.role_id,
        ur1_0.created_at,
        ur1_0.created_by,
        ur1_0.deleted_at,
        r1_0.id,
        r1_0.is_admin,
        r1_0.created_at,
        r1_0.created_by,
        r1_0.deleted_at,
        r1_0.name,
        rp1_0.role_id,
        rp1_0.permission_id,
        rp1_0.created_at,
        rp1_0.created_by,
        rp1_0.deleted_at,
        p1_0.id,
        p1_0.code,
        p1_0.created_at,
        p1_0.created_by,
        p1_0.deleted_at,
        p1_0.description,
        p1_0.updated_at,
        p1_0.updated_by,
        rp1_0.updated_at,
        rp1_0.updated_by,
        r1_0.updated_at,
        r1_0.updated_by,
        ur1_0.updated_at,
        ur1_0.updated_by,
        ue1_0.username 
    from
        personal.users ue1_0 
    left join
        personal.user_roles ur1_0 
            on ue1_0.id=ur1_0.user_id 
    left join
        personal.roles r1_0 
            on r1_0.id=ur1_0.role_id 
    left join
        personal.role_permissions rp1_0 
            on r1_0.id=rp1_0.role_id 
    left join
        personal.permissions p1_0 
            on p1_0.id=rp1_0.permission_id 
    where
        ue1_0.username=? 
        and ue1_0.deleted_at is null
2026-06-22 22:05:01 [http-nio-8080-exec-2] TRACE org.hibernate.orm.jdbc.bind - binding parameter (1:VARCHAR) <- [Batya]
2026-06-22 22:05:11 [http-nio-8080-exec-3] DEBUG org.hibernate.SQL - 
    select
        distinct ue1_0.id,
        ue1_0.is_active,
        ue1_0.chip_code,
        ue1_0.created_at,
        ue1_0.created_by,
        ue1_0.deleted_at,
        ue1_0.password_hash,
        ue1_0.updated_at,
        ue1_0.updated_by,
        ur1_0.user_id,
        ur1_0.role_id,
        ur1_0.created_at,
        ur1_0.created_by,
        ur1_0.deleted_at,
        r1_0.id,
        r1_0.is_admin,
        r1_0.created_at,
        r1_0.created_by,
        r1_0.deleted_at,
        r1_0.name,
        rp1_0.role_id,
        rp1_0.permission_id,
        rp1_0.created_at,
        rp1_0.created_by,
        rp1_0.deleted_at,
        p1_0.id,
        p1_0.code,
        p1_0.created_at,
        p1_0.created_by,
        p1_0.deleted_at,
        p1_0.description,
        p1_0.updated_at,
        p1_0.updated_by,
        rp1_0.updated_at,
        rp1_0.updated_by,
        r1_0.updated_at,
        r1_0.updated_by,
        ur1_0.updated_at,
        ur1_0.updated_by,
        ue1_0.username 
    from
        personal.users ue1_0 
    left join
        personal.user_roles ur1_0 
            on ue1_0.id=ur1_0.user_id 
    left join
        personal.roles r1_0 
            on r1_0.id=ur1_0.role_id 
    left join
        personal.role_permissions rp1_0 
            on r1_0.id=rp1_0.role_id 
    left join
        personal.permissions p1_0 
            on p1_0.id=rp1_0.permission_id 
    where
        ue1_0.username=? 
        and ue1_0.deleted_at is null
2026-06-22 22:05:11 [http-nio-8080-exec-3] TRACE org.hibernate.orm.jdbc.bind - binding parameter (1:VARCHAR) <- [Béla]
2026-06-22 22:05:21 [SpringApplicationShutdownHook] INFO  o.s.b.w.e.tomcat.GracefulShutdown - Commencing graceful shutdown. Waiting for active requests to complete
2026-06-22 22:05:21 [tomcat-shutdown] INFO  o.s.b.w.e.tomcat.GracefulShutdown - Graceful shutdown complete
2026-06-22 22:05:21 [SpringApplicationShutdownHook] INFO  o.s.o.j.LocalContainerEntityManagerFactoryBean - Closing JPA EntityManagerFactory for persistence unit 'default'
2026-06-22 22:05:21 [SpringApplicationShutdownHook] INFO  com.zaxxer.hikari.HikariDataSource - HikariPool-1 - Shutdown initiated...
2026-06-22 22:05:21 [SpringApplicationShutdownHook] INFO  com.zaxxer.hikari.HikariDataSource - HikariPool-1 - Shutdown completed.
